// Jest Snapshot v1, https://goo.gl/fbAQLP

exports[`should render NotFoundPage correctly 1`] = `
<div
  className="content-container"
>
  <div
    style={
      Object {
        "margin": "3rem auto",
      }
    }
  >
    Page Not Found -
     
    <button
      className="Button--link"
      onClick={[Function]}
    >
      Go home
    </button>
  </div>
</div>
`;
