// Jest Snapshot v1, https://goo.gl/fbAQLP

exports[`should render NotFoundPage correctly 1`] = `
<div
  className="NotFoundPage"
>
  <div
    style={
      Object {
        "color": "white",
        "fontSize": "2.8rem",
        "opacity": 0,
        "transition": "opacity 300ms",
      }
    }
  >
    <span>
      Got lost, huh?
    </span>
     
    <Link
      style={
        Object {
          "color": "white",
          "fontSize": "2.8rem",
        }
      }
      to="/"
    >
      Find your way home =&gt;
    </Link>
  </div>
  <div
    className="NotFoundPageGif"
  />
</div>
`;
