// Jest Snapshot v1, https://goo.gl/fbAQLP

exports[`should render FilterByRating correctly 1`] = `
<div>
  <RangeSlider
    defaultValue={3}
    labels={
      Object {
        "tooltip": "rating from",
      }
    }
    max={10}
    min={0}
    onValueChange={[Function]}
    step={0.5}
  />
</div>
`;
